// Jest Snapshot v1, https://goo.gl/fbAQLP

exports[`<ChangePolicy /> spec renders the component 1`] = `
<div
  style="padding: 0px 25px;"
>
  <h1
    class="euiTitle euiTitle--large"
  >
    Change policy
  </h1>
  <div
    class="euiSpacer euiSpacer--l"
  />
  <div
    class="euiPanel euiPanel--paddingMedium"
    style="padding-left: 0px; padding-right: 0px;"
  >
    <div
      class="euiFlexGroup euiFlexGroup--gutterLarge euiFlexGroup--alignItemsCenter euiFlexGroup--justifyContentSpaceBetween euiFlexGroup--directionRow euiFlexGroup--responsive"
      style="padding: 0px 10px;"
    >
      <div
        class="euiFlexItem"
      >
        <h3
          class="euiTitle euiTitle--small"
        >
          Managed indices
        </h3>
      </div>
    </div>
    <hr
      class="euiHorizontalRule euiHorizontalRule--full euiHorizontalRule--marginXSmall"
    />
    <div
      style="padding: initial;"
    >
      <div
        style="padding-left: 10px;"
      >
        <div
          class="euiText euiText--extraSmall"
        >
          <p>
            When a managed index changes policy, the new policy will take affect after the managed index is finished running the current state or the new policy has the same structure as the current one.
          </p>
        </div>
        <div
          class="euiSpacer euiSpacer--m"
        />
        <div
          class="euiFormRow"
          id="some_make_id-row"
        >
          <label
            aria-invalid="false"
            class="euiFormLabel"
            for="some_make_id"
          >
            Managed indices
          </label>
          <div
            aria-describedby="some_make_id-help"
            aria-expanded="false"
            aria-haspopup="listbox"
            class="euiComboBox"
            role="combobox"
          >
            <div
              class="euiFormControlLayout"
            >
              <div
                class="euiFormControlLayout__childrenWrapper"
              >
                <div
                  class="euiComboBox__inputWrap euiComboBox__inputWrap-isClearable"
                  data-test-subj="comboBoxInput"
                  tabindex="-1"
                >
                  <p
                    class="euiComboBoxPlaceholder"
                  >
                    Choose managed indices
                  </p>
                  <div
                    class="euiComboBox__input"
                    style="font-size: 14px; display: inline-block;"
                  >
                    <input
                      data-test-subj="comboBoxSearchInput"
                      id="some_make_id"
                      role="textbox"
                      style="box-sizing: content-box; width: 2px;"
                      value=""
                    />
                    <div
                      style="position: absolute; top: 0px; left: 0px; visibility: hidden; height: 0px; overflow: scroll; white-space: pre; font-family: -webkit-small-control; letter-spacing: normal; text-transform: none;"
                    />
                  </div>
                </div>
                <div
                  class="euiFormControlLayoutIcons euiFormControlLayoutIcons--right"
                >
                  <button
                    aria-label="Open list of options"
                    class="euiFormControlLayoutCustomIcon euiFormControlLayoutCustomIcon--clickable"
                    data-test-subj="comboBoxToggleListButton"
                  >
                    <svg
                      aria-hidden="true"
                      class="euiIcon euiIcon--medium euiFormControlLayoutCustomIcon__icon"
                      focusable="false"
                      height="16"
                      viewBox="0 0 16 16"
                      width="16"
                      xmlns="http://www.w3.org/2000/svg"
                      xmlns:xlink="http://www.w3.org/1999/xlink"
                    >
                      <defs>
                        <path
                          d="M13.069 5.157L8.384 9.768a.546.546 0 0 1-.768 0L2.93 5.158a.552.552 0 0 0-.771 0 .53.53 0 0 0 0 .759l4.684 4.61c.641.631 1.672.63 2.312 0l4.684-4.61a.53.53 0 0 0 0-.76.552.552 0 0 0-.771 0z"
                          id="arrow_down-a"
                        />
                      </defs>
                      <use
                        fill-rule="nonzero"
                        xlink:href="#arrow_down-a"
                      />
                    </svg>
                  </button>
                </div>
              </div>
            </div>
          </div>
          <div
            class="euiFormHelpText euiFormRow__text"
            id="some_make_id-help"
          >
            You can use a * as a wildcard in your index pattern
          </div>
        </div>
        <div
          class="euiFormRow"
          id="some_make_id-row"
        >
          <label
            class="euiFormLabel"
            for="some_make_id"
          >
            State filters
          </label>
          <div
            aria-describedby="some_make_id-help"
            aria-expanded="false"
            aria-haspopup="listbox"
            class="euiComboBox"
            role="combobox"
          >
            <div
              class="euiFormControlLayout"
            >
              <div
                class="euiFormControlLayout__childrenWrapper"
              >
                <div
                  class="euiComboBox__inputWrap euiComboBox__inputWrap-isClearable"
                  data-test-subj="comboBoxInput"
                  tabindex="-1"
                >
                  <p
                    class="euiComboBoxPlaceholder"
                  >
                    Choose state filters
                  </p>
                  <div
                    class="euiComboBox__input"
                    style="font-size: 14px; display: inline-block;"
                  >
                    <input
                      data-test-subj="comboBoxSearchInput"
                      id="some_make_id"
                      role="textbox"
                      style="box-sizing: content-box; width: 2px;"
                      value=""
                    />
                    <div
                      style="position: absolute; top: 0px; left: 0px; visibility: hidden; height: 0px; overflow: scroll; white-space: pre; font-family: -webkit-small-control; letter-spacing: normal; text-transform: none;"
                    />
                  </div>
                </div>
                <div
                  class="euiFormControlLayoutIcons euiFormControlLayoutIcons--right"
                >
                  <button
                    aria-label="Open list of options"
                    class="euiFormControlLayoutCustomIcon euiFormControlLayoutCustomIcon--clickable"
                    data-test-subj="comboBoxToggleListButton"
                  >
                    <svg
                      aria-hidden="true"
                      class="euiIcon euiIcon--medium euiFormControlLayoutCustomIcon__icon"
                      focusable="false"
                      height="16"
                      viewBox="0 0 16 16"
                      width="16"
                      xmlns="http://www.w3.org/2000/svg"
                      xmlns:xlink="http://www.w3.org/1999/xlink"
                    >
                      <defs>
                        <path
                          d="M13.069 5.157L8.384 9.768a.546.546 0 0 1-.768 0L2.93 5.158a.552.552 0 0 0-.771 0 .53.53 0 0 0 0 .759l4.684 4.61c.641.631 1.672.63 2.312 0l4.684-4.61a.53.53 0 0 0 0-.76.552.552 0 0 0-.771 0z"
                          id="arrow_down-a"
                        />
                      </defs>
                      <use
                        fill-rule="nonzero"
                        xlink:href="#arrow_down-a"
                      />
                    </svg>
                  </button>
                </div>
              </div>
            </div>
          </div>
          <div
            class="euiFormHelpText euiFormRow__text"
            id="some_make_id-help"
          >
            Apply new policy only on managed indices in these states.
          </div>
        </div>
      </div>
    </div>
  </div>
  <div
    class="euiSpacer euiSpacer--l"
  />
  <div
    class="euiPanel euiPanel--paddingMedium"
    style="padding-left: 0px; padding-right: 0px;"
  >
    <div
      class="euiFlexGroup euiFlexGroup--gutterLarge euiFlexGroup--alignItemsCenter euiFlexGroup--justifyContentSpaceBetween euiFlexGroup--directionRow euiFlexGroup--responsive"
      style="padding: 0px 10px;"
    >
      <div
        class="euiFlexItem"
      >
        <h3
          class="euiTitle euiTitle--small"
        >
          New policy
        </h3>
      </div>
    </div>
    <hr
      class="euiHorizontalRule euiHorizontalRule--full euiHorizontalRule--marginXSmall"
    />
    <div
      style="padding: initial;"
    >
      <div
        style="padding-left: 10px;"
      >
        <div
          class="euiText euiText--extraSmall"
        >
          <p>
            Select a new policy. Choose between switching to a new state after changing policies or staying in the current state.
          </p>
        </div>
        <div
          class="euiSpacer euiSpacer--s"
        />
        <div
          class="euiFormRow"
          id="some_make_id-row"
        >
          <label
            aria-invalid="false"
            class="euiFormLabel"
            for="some_make_id"
          >
            Policy
          </label>
          <div
            aria-expanded="false"
            aria-haspopup="listbox"
            class="euiComboBox"
            role="combobox"
          >
            <div
              class="euiFormControlLayout"
            >
              <div
                class="euiFormControlLayout__childrenWrapper"
              >
                <div
                  class="euiComboBox__inputWrap euiComboBox__inputWrap--noWrap euiComboBox__inputWrap-isClearable"
                  data-test-subj="comboBoxInput"
                  tabindex="-1"
                >
                  <p
                    class="euiComboBoxPlaceholder"
                  >
                    Choose a policy
                  </p>
                  <div
                    class="euiComboBox__input"
                    style="font-size: 14px; display: inline-block;"
                  >
                    <input
                      data-test-subj="comboBoxSearchInput"
                      id="some_make_id"
                      role="textbox"
                      style="box-sizing: content-box; width: 2px;"
                      value=""
                    />
                    <div
                      style="position: absolute; top: 0px; left: 0px; visibility: hidden; height: 0px; overflow: scroll; white-space: pre; font-family: -webkit-small-control; letter-spacing: normal; text-transform: none;"
                    />
                  </div>
                </div>
                <div
                  class="euiFormControlLayoutIcons euiFormControlLayoutIcons--right"
                >
                  <button
                    aria-label="Open list of options"
                    class="euiFormControlLayoutCustomIcon euiFormControlLayoutCustomIcon--clickable"
                    data-test-subj="comboBoxToggleListButton"
                  >
                    <svg
                      aria-hidden="true"
                      class="euiIcon euiIcon--medium euiFormControlLayoutCustomIcon__icon"
                      focusable="false"
                      height="16"
                      viewBox="0 0 16 16"
                      width="16"
                      xmlns="http://www.w3.org/2000/svg"
                      xmlns:xlink="http://www.w3.org/1999/xlink"
                    >
                      <defs>
                        <path
                          d="M13.069 5.157L8.384 9.768a.546.546 0 0 1-.768 0L2.93 5.158a.552.552 0 0 0-.771 0 .53.53 0 0 0 0 .759l4.684 4.61c.641.631 1.672.63 2.312 0l4.684-4.61a.53.53 0 0 0 0-.76.552.552 0 0 0-.771 0z"
                          id="arrow_down-a"
                        />
                      </defs>
                      <use
                        fill-rule="nonzero"
                        xlink:href="#arrow_down-a"
                      />
                    </svg>
                  </button>
                </div>
              </div>
            </div>
          </div>
        </div>
        <div>
          <div
            class="euiRadio euiRadioGroup__item"
          >
            <input
              checked=""
              class="euiRadio__input"
              id="current"
              type="radio"
              value=""
            />
            <div
              class="euiRadio__circle"
            />
            <label
              class="euiRadio__label"
              for="current"
            >
              Continue from current state
            </label>
          </div>
          <div
            class="euiRadio euiRadioGroup__item"
          >
            <input
              class="euiRadio__input"
              disabled=""
              id="state"
              type="radio"
              value=""
            />
            <div
              class="euiRadio__circle"
            />
            <label
              class="euiRadio__label"
              for="state"
            >
              Start from a chosen state after changing policies
            </label>
          </div>
        </div>
        <div
          class="euiSpacer euiSpacer--s"
        />
        <div
          class="euiFormRow"
          id="some_make_id-row"
        >
          <label
            class="euiFormLabel"
            for="some_make_id"
          >
            Start state
          </label>
          <div
            class="euiFormControlLayout"
          >
            <div
              class="euiFormControlLayout__childrenWrapper"
            >
              <select
                aria-describedby="some_make_id-help"
                aria-label="Start state for new policy"
                class="euiSelect"
                disabled=""
                id="some_make_id"
              />
              <div
                class="euiFormControlLayoutIcons euiFormControlLayoutIcons--right"
              >
                <span
                  class="euiFormControlLayoutCustomIcon"
                >
                  <svg
                    aria-hidden="true"
                    class="euiIcon euiIcon--medium euiFormControlLayoutCustomIcon__icon"
                    focusable="false"
                    height="16"
                    viewBox="0 0 16 16"
                    width="16"
                    xmlns="http://www.w3.org/2000/svg"
                    xmlns:xlink="http://www.w3.org/1999/xlink"
                  >
                    <defs>
                      <path
                        d="M13.069 5.157L8.384 9.768a.546.546 0 0 1-.768 0L2.93 5.158a.552.552 0 0 0-.771 0 .53.53 0 0 0 0 .759l4.684 4.61c.641.631 1.672.63 2.312 0l4.684-4.61a.53.53 0 0 0 0-.76.552.552 0 0 0-.771 0z"
                        id="arrow_down-a"
                      />
                    </defs>
                    <use
                      fill-rule="nonzero"
                      xlink:href="#arrow_down-a"
                    />
                  </svg>
                </span>
              </div>
            </div>
          </div>
          <div
            class="euiFormHelpText euiFormRow__text"
            id="some_make_id-help"
          >
            Select a state to start from after changing policies
          </div>
        </div>
      </div>
    </div>
  </div>
  <div
    class="euiSpacer euiSpacer--l"
  />
  <div
    class="euiFlexGroup euiFlexGroup--gutterLarge euiFlexGroup--alignItemsCenter euiFlexGroup--justifyContentFlexEnd euiFlexGroup--directionRow euiFlexGroup--responsive"
  >
    <div
      class="euiFlexItem euiFlexItem--flexGrowZero"
    >
      <button
        class="euiButton euiButton--primary euiButton--fill"
        data-test-subj="changePolicyChangeButton"
        type="button"
      >
        <span
          class="euiButton__content"
        >
          <span
            class="euiButton__text"
          >
            Change
          </span>
        </span>
      </button>
    </div>
  </div>
</div>
`;
